[debug] [2026-10-05T12:03:39.859Z] ----------------------------------------------------------------------
[debug] [2026-10-05T12:03:39.860Z] Command:       C:\Program Files\nodejs\node.exe C:\Users\HANMANTH\AppData\Roaming\npm\node_modules\firebase-tools\lib\bin\firebase.js emulators:start --only auth --project demo-projectsforge
[debug] [2026-10-05T12:03:39.860Z] CLI Version:   15.26.0
[debug] [2026-10-05T12:03:39.860Z] Platform:      win32
[debug] [2026-10-05T12:03:39.860Z] Node Version:  v24.18.0
[debug] [2026-10-05T12:03:39.861Z] Detected Agent: opencode
[debug] [2026-10-05T12:03:39.861Z] Time:          Mon Oct 05 2026 17:33:39 GMT+0530 (India Standard Time)
[debug] [2026-10-05T12:03:39.861Z] ----------------------------------------------------------------------
[debug] 
[debug] [2026-10-05T12:03:39.870Z] >>> [apiv2][query] GET https://firebase-public.firebaseio.com/cli.json [none]
[info] i  emulators: Starting emulators: auth {"metadata":{"emulator":{"name":"hub"},"message":"Starting emulators: auth"}}
[info] i  emulators: Detected demo project ID "demo-projectsforge", emulated services will use a demo configuration and attempts to access non-emulated services for this project will fail. {"metadata":{"emulator":{"name":"hub"},"message":"Detected demo project ID \"demo-projectsforge\", emulated services will use a demo configuration and attempts to access non-emulated services for this project will fail."}}
[debug] [2026-10-05T12:03:42.504Z] [logging] Logging Emulator only supports listening on one address (127.0.0.1). Not listening on ::1
[debug] [2026-10-05T12:03:42.505Z] [auth] Authentication Emulator only supports listening on one address (127.0.0.1). Not listening on ::1
[debug] [2026-10-05T12:03:42.505Z] assigned listening specs for emulators {"user":{"hub":[{"address":"127.0.0.1","family":"IPv4","port":4400},{"address":"::1","family":"IPv6","port":4400}],"ui":[{"address":"127.0.0.1","family":"IPv4","port":4000},{"address":"::1","family":"IPv6","port":4000}],"logging":[{"address":"127.0.0.1","family":"IPv4","port":4500}],"auth":[{"address":"127.0.0.1","family":"IPv4","port":9099}]},"metadata":{"message":"assigned listening specs for emulators"}}
[debug] [2026-10-05T12:03:42.511Z] Write emulator hub locator at C:\Users\HANMANTH\AppData\Local\Temp\hub-demo-projectsforge.json
[info] i  ui: downloading ui-v1.15.0.zip... {"metadata":{"emulator":{"name":"ui"},"message":"downloading ui-v1.15.0.zip..."}}
[debug] [2026-10-05T12:03:50.012Z] >>> [apiv2][query] GET https://storage.googleapis.com/firebase-preview-drop/emulator/ui-v1.15.0.zip 
[debug] [2026-10-05T12:03:50.470Z] <<< [apiv2][status] GET https://storage.googleapis.com/firebase-preview-drop/emulator/ui-v1.15.0.zip 200
[debug] [2026-10-05T12:03:50.470Z] <<< [apiv2][body] GET https://storage.googleapis.com/firebase-preview-drop/emulator/ui-v1.15.0.zip [stream]
[debug] [2026-10-05T12:03:50.735Z] <<< [apiv2][status] GET https://firebase-public.firebaseio.com/cli.json 200
[debug] [2026-10-05T12:03:50.735Z] <<< [apiv2][body] GET https://firebase-public.firebaseio.com/cli.json {"cloudBuildErrorAfter":1594252800000,"cloudBuildWarnAfter":1590019200000,"defaultNode10After":1594252800000,"minVersion":"3.0.5","node8DeploysDisabledAfter":1613390400000,"node8RuntimeDisabledAfter":1615809600000,"node8WarnAfter":1600128000000}
[debug] [2026-10-05T12:03:51.154Z] Data is 3538469
[debug] [2026-10-05T12:03:51.154Z] [unzip] Entry: client/ (compressed_size=0 bytes, uncompressed_size=0 bytes)
[debug] [2026-10-05T12:03:51.154Z] [unzip] Processing entry: client\
[debug] [2026-10-05T12:03:51.154Z] [unzip] mkdir: C:\Users\HANMANTH\.cache\firebase\emulators\ui-v1.15.0\client\
[debug] [2026-10-05T12:03:51.155Z] [unzip] Entry: client/favicon-16x16.png (compressed_size=293 bytes, uncompressed_size=293 bytes)
[debug] [2026-10-05T12:03:51.155Z] [unzip] Processing entry: client\favicon-16x16.png
[debug] [2026-10-05T12:03:51.155Z] [unzip] else mkdir: C:\Users\HANMANTH\.cache\firebase\emulators\ui-v1.15.0\client
[debug] [2026-10-05T12:03:51.156Z] [unzip] Writing file: C:\Users\HANMANTH\.cache\firebase\emulators\ui-v1.15.0\client\favicon-16x16.png
[debug] [2026-10-05T12:03:51.157Z] [unzip] Entry: client/safari-pinned-tab.svg (compressed_size=1433 bytes, uncompressed_size=2611 bytes)
[debug] [2026-10-05T12:03:51.157Z] [unzip] Processing entry: client\safari-pinned-tab.svg
[debug] [2026-10-05T12:03:51.157Z] [unzip] else mkdir: C:\Users\HANMANTH\.cache\firebase\emulators\ui-v1.15.0\client
[debug] [2026-10-05T12:03:51.157Z] [unzip] deflating: C:\Users\HANMANTH\.cache\firebase\emulators\ui-v1.15.0\client\safari-pinned-tab.svg
[debug] [2026-10-05T12:03:51.160Z] [unzip] Entry: client/favicon.ico (compressed_size=2933 bytes, uncompressed_size=13294 bytes)
[debug] [2026-10-05T12:03:51.160Z] [unzip] Processing entry: client\favicon.ico
[debug] [2026-10-05T12:03:51.160Z] [unzip] else mkdir: C:\Users\HANMANTH\.cache\firebase\emulators\ui-v1.15.0\client
[debug] [2026-10-05T12:03:51.161Z] [unzip] deflating: C:\Users\HANMANTH\.cache\firebase\emulators\ui-v1.15.0\client\favicon.ico
[debug] [2026-10-05T12:03:51.162Z] [unzip] Entry: client/index.html (compressed_size=1364 bytes, uncompressed_size=3071 bytes)
[debug] [2026-10-05T12:03:51.162Z] [unzip] Processing entry: client\index.html
[debug] [2026-10-05T12:03:51.162Z] [unzip] else mkdir: C:\Users\HANMANTH\.cache\firebase\emulators\ui-v1.15.0\client
[debug] [2026-10-05T12:03:51.162Z] [unzip] deflating: C:\Users\HANMANTH\.cache\firebase\emulators\ui-v1.15.0\client\index.html
[debug] [2026-10-05T12:03:51.165Z] [unzip] Entry: client/android-chrome-192x192.png (compressed_size=2684 bytes, uncompressed_size=2684 bytes)
[debug] [2026-10-05T12:03:51.165Z] [unzip] Processing entry: client\android-chrome-192x192.png
[debug] [2026-10-05T12:03:51.165Z] [unzip] else mkdir: C:\Users\HANMANTH\.cache\firebase\emulators\ui-v1.15.0\client
[debug] [2026-10-05T12:03:51.165Z] [unzip] Writing file: C:\Users\HANMANTH\.cache\firebase\emulators\ui-v1.15.0\client\android-chrome-192x192.png
[debug] [2026-10-05T12:03:51.166Z] [unzip] Entry: client/apple-touch-icon.png (compressed_size=2123 bytes, uncompressed_size=2152 bytes)
[debug] [2026-10-05T12:03:51.166Z] [unzip] Processing entry: client\apple-touch-icon.png
[debug] [2026-10-05T12:03:51.167Z] [unzip] else mkdir: C:\Users\HANMANTH\.cache\firebase\emulators\ui-v1.15.0\client
[debug] [2026-10-05T12:03:51.167Z] [unzip] deflating: C:\Users\HANMANTH\.cache\firebase\emulators\ui-v1.15.0\client\apple-touch-icon.png
[debug] [2026-10-05T12:03:51.168Z] [unzip] Entry: client/android-chrome-512x512.png (compressed_size=5369 bytes, uncompressed_size=5411 bytes)
[debug] [2026-10-05T12:03:51.168Z] [unzip] Processing entry: client\android-chrome-512x512.png
[debug] [2026-10-05T12:03:51.168Z] [unzip] else mkdir: C:\Users\HANMANTH\.cache\firebase\emulators\ui-v1.15.0\client
[debug] [2026-10-05T12:03:51.169Z] [unzip] deflating: C:\Users\HANMANTH\.cache\firebase\emulators\ui-v1.15.0\client\android-chrome-512x512.png
[debug] [2026-10-05T12:03:51.170Z] [unzip] Entry: client/manifest.json (compressed_size=245 bytes, uncompressed_size=551 bytes)
[debug] [2026-10-05T12:03:51.170Z] [unzip] Processing entry: client\manifest.json
[debug] [2026-10-05T12:03:51.170Z] [unzip] else mkdir: C:\Users\HANMANTH\.cache\firebase\emulators\ui-v1.15.0\client
[debug] [2026-10-05T12:03:51.171Z] [unzip] deflating: C:\Users\HANMANTH\.cache\firebase\emulators\ui-v1.15.0\client\manifest.json
[debug] [2026-10-05T12:03:51.172Z] [unzip] Entry: client/robots.txt (compressed_size=26 bytes, uncompressed_size=26 bytes)
[debug] [2026-10-05T12:03:51.172Z] [unzip] Processing entry: client\robots.txt
[debug] [2026-10-05T12:03:51.172Z] [unzip] else mkdir: C:\Users\HANMANTH\.cache\firebase\emulators\ui-v1.15.0\client
[debug] [2026-10-05T12:03:51.172Z] [unzip] Writing file: C:\Users\HANMANTH\.cache\firebase\emulators\ui-v1.15.0\client\robots.txt
[debug] [2026-10-05T12:03:51.173Z] [unzip] Entry: client/mstile-150x150.png (compressed_size=2034 bytes, uncompressed_size=2034 bytes)
[debug] [2026-10-05T12:03:51.173Z] [unzip] Processing entry: client\mstile-150x150.png
[debug] [2026-10-05T12:03:51.173Z] [unzip] else mkdir: C:\Users\HANMANTH\.cache\firebase\emulators\ui-v1.15.0\client
[debug] [2026-10-05T12:03:51.173Z] [unzip] Writing file: C:\Users\HANMANTH\.cache\firebase\emulators\ui-v1.15.0\client\mstile-150x150.png
[debug] [2026-10-05T12:03:51.174Z] [unzip] Entry: client/assets/ (compressed_size=0 bytes, uncompressed_size=0 bytes)
[debug] [2026-10-05T12:03:51.174Z] [unzip] Processing entry: client\assets\
[debug] [2026-10-05T12:03:51.174Z] [unzip] mkdir: C:\Users\HANMANTH\.cache\firebase\emulators\ui-v1.15.0\client\assets\
[debug] [2026-10-05T12:03:51.175Z] [unzip] Entry: client/assets/index-BX-A56oj.js (compressed_size=582089 bytes, uncompressed_size=2092775 bytes)
[debug] [2026-10-05T12:03:51.175Z] [unzip] Processing entry: client\assets\index-BX-A56oj.js
[debug] [2026-10-05T12:03:51.175Z] [unzip] else mkdir: C:\Users\HANMANTH\.cache\firebase\emulators\ui-v1.15.0\client\assets
[debug] [2026-10-05T12:03:51.175Z] [unzip] deflating: C:\Users\HANMANTH\.cache\firebase\emulators\ui-v1.15.0\client\assets\index-BX-A56oj.js
[debug] [2026-10-05T12:03:51.190Z] [unzip] Entry: client/assets/index-CjB9C900.css (compressed_size=35979 bytes, uncompressed_size=298654 bytes)
[debug] [2026-10-05T12:03:51.190Z] [unzip] Processing entry: client\assets\index-CjB9C900.css
[debug] [2026-10-05T12:03:51.190Z] [unzip] else mkdir: C:\Users\HANMANTH\.cache\firebase\emulators\ui-v1.15.0\client\assets
[debug] [2026-10-05T12:03:51.191Z] [unzip] deflating: C:\Users\HANMANTH\.cache\firebase\emulators\ui-v1.15.0\client\assets\index-CjB9C900.css
[debug] [2026-10-05T12:03:51.193Z] [unzip] Entry: client/assets/index-BX-A56oj.js.map (compressed_size=2362482 bytes, uncompressed_size=10036679 bytes)
[debug] [2026-10-05T12:03:51.193Z] [unzip] Processing entry: client\assets\index-BX-A56oj.js.map
[debug] [2026-10-05T12:03:51.193Z] [unzip] else mkdir: C:\Users\HANMANTH\.cache\firebase\emulators\ui-v1.15.0\client\assets
[debug] [2026-10-05T12:03:51.193Z] [unzip] deflating: C:\Users\HANMANTH\.cache\firebase\emulators\ui-v1.15.0\client\assets\index-BX-A56oj.js.map
[debug] [2026-10-05T12:03:51.245Z] [unzip] Entry: client/assets/extensions/ (compressed_size=0 bytes, uncompressed_size=0 bytes)
[debug] [2026-10-05T12:03:51.245Z] [unzip] Processing entry: client\assets\extensions\
[debug] [2026-10-05T12:03:51.245Z] [unzip] mkdir: C:\Users\HANMANTH\.cache\firebase\emulators\ui-v1.15.0\client\assets\extensions\
[debug] [2026-10-05T12:03:51.246Z] [unzip] Entry: client/assets/extensions/default-extension.png (compressed_size=1646 bytes, uncompressed_size=1657 bytes)
[debug] [2026-10-05T12:03:51.246Z] [unzip] Processing entry: client\assets\extensions\default-extension.png
[debug] [2026-10-05T12:03:51.246Z] [unzip] else mkdir: C:\Users\HANMANTH\.cache\firebase\emulators\ui-v1.15.0\client\assets\extensions
[debug] [2026-10-05T12:03:51.247Z] [unzip] deflating: C:\Users\HANMANTH\.cache\firebase\emulators\ui-v1.15.0\client\assets\extensions\default-extension.png
[debug] [2026-10-05T12:03:51.248Z] [unzip] Entry: client/assets/img/ (compressed_size=0 bytes, uncompressed_size=0 bytes)
[debug] [2026-10-05T12:03:51.248Z] [unzip] Processing entry: client\assets\img\
[debug] [2026-10-05T12:03:51.248Z] [unzip] mkdir: C:\Users\HANMANTH\.cache\firebase\emulators\ui-v1.15.0\client\assets\img\
[debug] [2026-10-05T12:03:51.249Z] [unzip] Entry: client/assets/img/database.png (compressed_size=29449 bytes, uncompressed_size=29988 bytes)
[debug] [2026-10-05T12:03:51.249Z] [unzip] Processing entry: client\assets\img\database.png
[debug] [2026-10-05T12:03:51.249Z] [unzip] else mkdir: C:\Users\HANMANTH\.cache\firebase\emulators\ui-v1.15.0\client\assets\img
[debug] [2026-10-05T12:03:51.249Z] [unzip] deflating: C:\Users\HANMANTH\.cache\firebase\emulators\ui-v1.15.0\client\assets\img\database.png
[debug] [2026-10-05T12:03:51.250Z] [unzip] Entry: client/assets/provider-icons/ (compressed_size=0 bytes, uncompressed_size=0 bytes)
[debug] [2026-10-05T12:03:51.250Z] [unzip] Processing entry: client\assets\provider-icons\
[debug] [2026-10-05T12:03:51.250Z] [unzip] mkdir: C:\Users\HANMANTH\.cache\firebase\emulators\ui-v1.15.0\client\assets\provider-icons\
[debug] [2026-10-05T12:03:51.251Z] [unzip] Entry: client/assets/provider-icons/auth_service_saml.svg (compressed_size=575 bytes, uncompressed_size=1226 bytes)
[debug] [2026-10-05T12:03:51.251Z] [unzip] Processing entry: client\assets\provider-icons\auth_service_saml.svg
[debug] [2026-10-05T12:03:51.251Z] [unzip] else mkdir: C:\Users\HANMANTH\.cache\firebase\emulators\ui-v1.15.0\client\assets\provider-icons
[debug] [2026-10-05T12:03:51.251Z] [unzip] deflating: C:\Users\HANMANTH\.cache\firebase\emulators\ui-v1.15.0\client\assets\provider-icons\auth_service_saml.svg
[debug] [2026-10-05T12:03:51.252Z] [unzip] Entry: client/assets/provider-icons/auth_service_phone.svg (compressed_size=261 bytes, uncompressed_size=414 bytes)
[debug] [2026-10-05T12:03:51.253Z] [unzip] Processing entry: client\assets\provider-icons\auth_service_phone.svg
[debug] [2026-10-05T12:03:51.253Z] [unzip] else mkdir: C:\Users\HANMANTH\.cache\firebase\emulators\ui-v1.15.0\client\assets\provider-icons
[debug] [2026-10-05T12:03:51.253Z] [unzip] deflating: C:\Users\HANMANTH\.cache\firebase\emulators\ui-v1.15.0\client\assets\provider-icons\auth_service_phone.svg
[debug] [2026-10-05T12:03:51.254Z] [unzip] Entry: client/assets/provider-icons/auth_service_facebook.svg (compressed_size=289 bytes, uncompressed_size=457 bytes)
[debug] [2026-10-05T12:03:51.254Z] [unzip] Processing entry: client\assets\provider-icons\auth_service_facebook.svg
[debug] [2026-10-05T12:03:51.254Z] [unzip] else mkdir: C:\Users\HANMANTH\.cache\firebase\emulators\ui-v1.15.0\client\assets\provider-icons
[debug] [2026-10-05T12:03:51.255Z] [unzip] deflating: C:\Users\HANMANTH\.cache\firebase\emulators\ui-v1.15.0\client\assets\provider-icons\auth_service_facebook.svg
[debug] [2026-10-05T12:03:51.257Z] [unzip] Entry: client/assets/provider-icons/auth_service_game_center.svg (compressed_size=991 bytes, uncompressed_size=3921 bytes)
[debug] [2026-10-05T12:03:51.257Z] [unzip] Processing entry: client\assets\provider-icons\auth_service_game_center.svg
[debug] [2026-10-05T12:03:51.257Z] [unzip] else mkdir: C:\Users\HANMANTH\.cache\firebase\emulators\ui-v1.15.0\client\assets\provider-icons
[debug] [2026-10-05T12:03:51.257Z] [unzip] deflating: C:\Users\HANMANTH\.cache\firebase\emulators\ui-v1.15.0\client\assets\provider-icons\auth_service_game_center.svg
[debug] [2026-10-05T12:03:51.258Z] [unzip] Entry: client/assets/provider-icons/auth_service_apple.svg (compressed_size=230 bytes, uncompressed_size=334 bytes)
[debug] [2026-10-05T12:03:51.258Z] [unzip] Processing entry: client\assets\provider-icons\auth_service_apple.svg
[debug] [2026-10-05T12:03:51.259Z] [unzip] else mkdir: C:\Users\HANMANTH\.cache\firebase\emulators\ui-v1.15.0\client\assets\provider-icons
[debug] [2026-10-05T12:03:51.259Z] [unzip] deflating: C:\Users\HANMANTH\.cache\firebase\emulators\ui-v1.15.0\client\assets\provider-icons\auth_service_apple.svg
[debug] [2026-10-05T12:03:51.261Z] [unzip] Entry: client/assets/provider-icons/auth_service_github.svg (compressed_size=466 bytes, uncompressed_size=838 bytes)
[debug] [2026-10-05T12:03:51.261Z] [unzip] Processing entry: client\assets\provider-icons\auth_service_github.svg
[debug] [2026-10-05T12:03:51.261Z] [unzip] else mkdir: C:\Users\HANMANTH\.cache\firebase\emulators\ui-v1.15.0\client\assets\provider-icons
[debug] [2026-10-05T12:03:51.261Z] [unzip] deflating: C:\Users\HANMANTH\.cache\firebase\emulators\ui-v1.15.0\client\assets\provider-icons\auth_service_github.svg
[debug] [2026-10-05T12:03:51.263Z] [unzip] Entry: client/assets/provider-icons/auth_service_mslive.svg (compressed_size=203 bytes, uncompressed_size=378 bytes)
[debug] [2026-10-05T12:03:51.263Z] [unzip] Processing entry: client\assets\provider-icons\auth_service_mslive.svg
[debug] [2026-10-05T12:03:51.263Z] [unzip] else mkdir: C:\Users\HANMANTH\.cache\firebase\emulators\ui-v1.15.0\client\assets\provider-icons
[debug] [2026-10-05T12:03:51.263Z] [unzip] deflating: C:\Users\HANMANTH\.cache\firebase\emulators\ui-v1.15.0\client\assets\provider-icons\auth_service_mslive.svg
[debug] [2026-10-05T12:03:51.266Z] [unzip] Entry: client/assets/provider-icons/auth_service_yahoo.svg (compressed_size=577 bytes, uncompressed_size=1182 bytes)
[debug] [2026-10-05T12:03:51.266Z] [unzip] Processing entry: client\assets\provider-icons\auth_service_yahoo.svg
[debug] [2026-10-05T12:03:51.266Z] [unzip] else mkdir: C:\Users\HANMANTH\.cache\firebase\emulators\ui-v1.15.0\client\assets\provider-icons
[debug] [2026-10-05T12:03:51.267Z] [unzip] deflating: C:\Users\HANMANTH\.cache\firebase\emulators\ui-v1.15.0\client\assets\provider-icons\auth_service_yahoo.svg
[debug] [2026-10-05T12:03:51.268Z] [unzip] Entry: client/assets/provider-icons/auth_service_twitter.svg (compressed_size=444 bytes, uncompressed_size=751 bytes)
[debug] [2026-10-05T12:03:51.268Z] [unzip] Processing entry: client\assets\provider-icons\auth_service_twitter.svg
[debug] [2026-10-05T12:03:51.268Z] [unzip] else mkdir: C:\Users\HANMANTH\.cache\firebase\emulators\ui-v1.15.0\client\assets\provider-icons
[debug] [2026-10-05T12:03:51.268Z] [unzip] deflating: C:\Users\HANMANTH\.cache\firebase\emulators\ui-v1.15.0\client\assets\provider-icons\auth_service_twitter.svg
[debug] [2026-10-05T12:03:51.269Z] [unzip] Entry: client/assets/provider-icons/auth_service_play_games.svg (compressed_size=565 bytes, uncompressed_size=1173 bytes)
[debug] [2026-10-05T12:03:51.270Z] [unzip] Processing entry: client\assets\provider-icons\auth_service_play_games.svg
[debug] [2026-10-05T12:03:51.270Z] [unzip] else mkdir: C:\Users\HANMANTH\.cache\firebase\emulators\ui-v1.15.0\client\assets\provider-icons
[debug] [2026-10-05T12:03:51.270Z] [unzip] deflating: C:\Users\HANMANTH\.cache\firebase\emulators\ui-v1.15.0\client\assets\provider-icons\auth_service_play_games.svg
[debug] [2026-10-05T12:03:51.271Z] [unzip] Entry: client/assets/provider-icons/auth_service_email.svg (compressed_size=228 bytes, uncompressed_size=326 bytes)
[debug] [2026-10-05T12:03:51.271Z] [unzip] Processing entry: client\assets\provider-icons\auth_service_email.svg
[debug] [2026-10-05T12:03:51.271Z] [unzip] else mkdir: C:\Users\HANMANTH\.cache\firebase\emulators\ui-v1.15.0\client\assets\provider-icons
[debug] [2026-10-05T12:03:51.271Z] [unzip] deflating: C:\Users\HANMANTH\.cache\firebase\emulators\ui-v1.15.0\client\assets\provider-icons\auth_service_email.svg
[debug] [2026-10-05T12:03:51.272Z] [unzip] Entry: client/assets/provider-icons/auth_service_google.svg (compressed_size=409 bytes, uncompressed_size=720 bytes)
[debug] [2026-10-05T12:03:51.272Z] [unzip] Processing entry: client\assets\provider-icons\auth_service_google.svg
[debug] [2026-10-05T12:03:51.272Z] [unzip] else mkdir: C:\Users\HANMANTH\.cache\firebase\emulators\ui-v1.15.0\client\assets\provider-icons
[debug] [2026-10-05T12:03:51.273Z] [unzip] deflating: C:\Users\HANMANTH\.cache\firebase\emulators\ui-v1.15.0\client\assets\provider-icons\auth_service_google.svg
[debug] [2026-10-05T12:03:51.274Z] [unzip] Entry: client/assets/provider-icons/auth_service_oidc.svg (compressed_size=414 bytes, uncompressed_size=858 bytes)
[debug] [2026-10-05T12:03:51.274Z] [unzip] Processing entry: client\assets\provider-icons\auth_service_oidc.svg
[debug] [2026-10-05T12:03:51.274Z] [unzip] else mkdir: C:\Users\HANMANTH\.cache\firebase\emulators\ui-v1.15.0\client\assets\provider-icons
[debug] [2026-10-05T12:03:51.274Z] [unzip] deflating: C:\Users\HANMANTH\.cache\firebase\emulators\ui-v1.15.0\client\assets\provider-icons\auth_service_oidc.svg
[debug] [2026-10-05T12:03:51.275Z] [unzip] Entry: client/browserconfig.xml (compressed_size=491 bytes, uncompressed_size=822 bytes)
[debug] [2026-10-05T12:03:51.275Z] [unzip] Processing entry: client\browserconfig.xml
[debug] [2026-10-05T12:03:51.275Z] [unzip] else mkdir: C:\Users\HANMANTH\.cache\firebase\emulators\ui-v1.15.0\client
[debug] [2026-10-05T12:03:51.275Z] [unzip] deflating: C:\Users\HANMANTH\.cache\firebase\emulators\ui-v1.15.0\client\browserconfig.xml
[debug] [2026-10-05T12:03:51.276Z] [unzip] Entry: client/favicon-32x32.png (compressed_size=475 bytes, uncompressed_size=475 bytes)
[debug] [2026-10-05T12:03:51.276Z] [unzip] Processing entry: client\favicon-32x32.png
[debug] [2026-10-05T12:03:51.276Z] [unzip] else mkdir: C:\Users\HANMANTH\.cache\firebase\emulators\ui-v1.15.0\client
[debug] [2026-10-05T12:03:51.277Z] [unzip] Writing file: C:\Users\HANMANTH\.cache\firebase\emulators\ui-v1.15.0\client\favicon-32x32.png
[debug] [2026-10-05T12:03:51.277Z] [unzip] Entry: server/ (compressed_size=0 bytes, uncompressed_size=0 bytes)
[debug] [2026-10-05T12:03:51.278Z] [unzip] Processing entry: server\
[debug] [2026-10-05T12:03:51.278Z] [unzip] mkdir: C:\Users\HANMANTH\.cache\firebase\emulators\ui-v1.15.0\server\
[debug] [2026-10-05T12:03:51.278Z] [unzip] Entry: server/server.mjs.map (compressed_size=217845 bytes, uncompressed_size=944978 bytes)
[debug] [2026-10-05T12:03:51.278Z] [unzip] Processing entry: server\server.mjs.map
[debug] [2026-10-05T12:03:51.278Z] [unzip] else mkdir: C:\Users\HANMANTH\.cache\firebase\emulators\ui-v1.15.0\server
[debug] [2026-10-05T12:03:51.278Z] [unzip] deflating: C:\Users\HANMANTH\.cache\firebase\emulators\ui-v1.15.0\server\server.mjs.map
[debug] [2026-10-05T12:03:51.284Z] [unzip] Entry: server/server.mjs (compressed_size=276407 bytes, uncompressed_size=933701 bytes)
[debug] [2026-10-05T12:03:51.284Z] [unzip] Processing entry: server\server.mjs
[debug] [2026-10-05T12:03:51.284Z] [unzip] else mkdir: C:\Users\HANMANTH\.cache\firebase\emulators\ui-v1.15.0\server
[debug] [2026-10-05T12:03:51.285Z] [unzip] deflating: C:\Users\HANMANTH\.cache\firebase\emulators\ui-v1.15.0\server\server.mjs
[debug] [2026-10-05T12:03:51.295Z] Could not find VSCode notification endpoint: TypeError: fetch failed. If you are not running the Firebase SQL Connect VSCode extension, this is expected and not an issue.
[info] 
┌─────────────────────────────────────────────────────────────┐
│ ✔  All emulators ready! It is now safe to connect your app. │
│ i  View Emulator UI at http://127.0.0.1:4000/               │
└─────────────────────────────────────────────────────────────┘

┌────────────────┬────────────────┬────────────────────────────┐
│ Emulator       │ Host:Port      │ View in Emulator UI        │
├────────────────┼────────────────┼────────────────────────────┤
│ Authentication │ 127.0.0.1:9099 │ http://127.0.0.1:4000/auth │
└────────────────┴────────────────┴────────────────────────────┘
  Emulator Hub host: 127.0.0.1 port: 4400
  Other reserved ports: 4500

Issues? Report them at https://github.com/firebase/firebase-tools/issues and attach the *-debug.log files.
 
[warn] !  canHandleCodeInApp is unsupported in Auth Emulator. All OOB operations will complete via web. {"metadata":{"emulator":{"name":"auth"},"message":"canHandleCodeInApp is unsupported in Auth Emulator. All OOB operations will complete via web."}}
[info] i  To reset the password for forgot.e2e.1791202005@example.com, follow this link: http://127.0.0.1:9099/emulator/action?mode=resetPassword&lang=en&oobCode=-XDGOA9Q5w3Rp40rR0OMRfG6CvBebnVIAB7Vs78qU022an2rGC4288&apiKey=fake-api-key&continueUrl=http%3A%2F%2Flocalhost%3A3000%2Fforgot%3Fmode%3DresetPassword&newPassword=NEW_PASSWORD_HERE {"metadata":{"emulator":{"name":"auth"},"message":"To reset the password for forgot.e2e.1791202005@example.com, follow this link: http://127.0.0.1:9099/emulator/action?mode=resetPassword&lang=en&oobCode=-XDGOA9Q5w3Rp40rR0OMRfG6CvBebnVIAB7Vs78qU022an2rGC4288&apiKey=fake-api-key&continueUrl=http%3A%2F%2Flocalhost%3A3000%2Fforgot%3Fmode%3DresetPassword&newPassword=NEW_PASSWORD_HERE"}}
[warn] !  canHandleCodeInApp is unsupported in Auth Emulator. All OOB operations will complete via web. {"metadata":{"emulator":{"name":"auth"},"message":"canHandleCodeInApp is unsupported in Auth Emulator. All OOB operations will complete via web."}}
[info] i  To reset the password for forgot.e2e.1791202038@example.com, follow this link: http://127.0.0.1:9099/emulator/action?mode=resetPassword&lang=en&oobCode=ABhws-zbJTXezN8iBGcfem1bM6V2k62CJ_jxreETs5falMLPHyiFFE&apiKey=fake-api-key&continueUrl=http%3A%2F%2Flocalhost%3A3000%2Fforgot%3Fmode%3DresetPassword&newPassword=NEW_PASSWORD_HERE {"metadata":{"emulator":{"name":"auth"},"message":"To reset the password for forgot.e2e.1791202038@example.com, follow this link: http://127.0.0.1:9099/emulator/action?mode=resetPassword&lang=en&oobCode=ABhws-zbJTXezN8iBGcfem1bM6V2k62CJ_jxreETs5falMLPHyiFFE&apiKey=fake-api-key&continueUrl=http%3A%2F%2Flocalhost%3A3000%2Fforgot%3Fmode%3DresetPassword&newPassword=NEW_PASSWORD_HERE"}}
